home/hesham/Documents/Projects/haste-lang/test/errors/recursive_decl.haste:2:1: Error: Recursive declrations is not allowed
    2 | const b = a;
        ^ 
home/hesham/Documents/Projects/haste-lang/test/errors/recursive_decl.haste:1:11: Error: undefined symbol 'b'.
    1 | const a = b;
                  ^ 
