Token(kw_const, "const")
Token(ident, "a")
Token(colon, ":")
Token(kw_int, "int")
Token(eq, "=")
Token(int, "1")
Token(plus, "+")
Token(int, "2")
Token(minus, "-")
Token(int, "3")
Token(star, "*")
Token(int, "4")
Token(fslash, "/")
Token(int, "5")
Token(semi_colon, ";")
Token(kw_const, "const")
Token(ident, "b")
Token(colon, ":")
Token([, "[")
Token(kw_int, "int")
Token(], "]")
Token(eq, "=")
Token(open_paren, "(")
Token(close_paren, ")")
Token(semi_colon, ";")
