Token(kw_const, "const")
Token(ident, "a")
Token(eq, "=")
Token(str, "\"hello\"")
Token(semi_colon, ";")
Token(kw_const, "const")
Token(ident, "b")
Token(eq, "=")
Token(str, "\"\"")
Token(semi_colon, ";")
Token(kw_const, "const")
Token(ident, "c")
Token(eq, "=")
Token(str, "\"tab\\there\"")
Token(semi_colon, ";")
Token(kw_const, "const")
Token(ident, "d")
Token(eq, "=")
Token(str, "\"newline\\nhere\"")
Token(semi_colon, ";")
Token(kw_const, "const")
Token(ident, "e")
Token(eq, "=")
Token(str, "\"quote\\\"here\"")
Token(semi_colon, ";")
Token(kw_const, "const")
Token(ident, "f")
Token(eq, "=")
Token(str, "\"back\\\\slash\"")
Token(semi_colon, ";")
Token(kw_const, "const")
Token(ident, "g")
Token(eq, "=")
Token(str, "\"null\\0term\"")
Token(semi_colon, ";")
Token(kw_const, "const")
Token(ident, "h")
Token(eq, "=")
Token(str, "\"carriage\\rreturn\"")
Token(semi_colon, ";")
Token(eof, "")
