Token(kw_const, "const")
Token(ident, "integer")
Token(eq, "=")
Token(int, "5")
Token(semi_colon, ";")
Token(kw_const, "const")
Token(ident, "floater")
Token(eq, "=")
Token(kw_int, "int")
Token(semi_colon, ";")
Token(kw_const, "const")
Token(ident, "stringy")
Token(eq, "=")
Token(str, "\"ok\"")
Token(semi_colon, ";")
Token(kw_const, "const")
Token(ident, "autopilot")
Token(eq, "=")
Token(kw_float, "float")
Token(semi_colon, ";")
Token(kw_const, "const")
Token(ident, "castaway")
Token(eq, "=")
Token(kw_auto, "auto")
Token(semi_colon, ";")
Token(eof, "")
