Token(kw_int_bits, "int8")
Token(kw_int_bits, "int16")
Token(kw_int_bits, "int32")
Token(kw_int_bits, "int64")
Token(kw_int_bits, "int128")
Token(kw_uint_bits, "uint8")
Token(kw_uint_bits, "uint16")
Token(kw_uint_bits, "uint32")
Token(kw_uint_bits, "uint64")
Token(kw_uint_bits, "uint128")
Token(kw_int, "int")
Token(kw_uint, "uint")
