Token(kw_const, "const")
Token(ident, "Vec2")
Token(eq, "=")
Token(kw_struct, "struct")
Token(open_brace, "{")
Token(ident, "x")
Token(colon, ":")
Token(kw_int, "int")
Token(semi_colon, ";")
Token(ident, "y")
Token(colon, ":")
Token(kw_int, "int")
Token(semi_colon, ";")
Token(close_brace, "}")
Token(semi_colon, ";")
Token(kw_const, "const")
Token(ident, "v")
Token(eq, "=")
Token(ident, "Vec2")
Token(open_brace, "{")
Token(ident, "x")
Token(colon, ":")
Token(int, "1")
Token(comma, ",")
Token(ident, "y")
Token(colon, ":")
Token(int, "2")
Token(close_brace, "}")
Token(semi_colon, ";")
Token(kw_const, "const")
Token(ident, "a")
Token(eq, "=")
Token(ident, "v")
Token(dot, ".")
Token(ident, "x")
Token(semi_colon, ";")
