; ModuleID = 'test/integration/auto_structs.haste'
source_filename = "test/integration/auto_structs.haste"

%struct.type.Outer.0 = type { %struct.type.string.1, %struct.type.Inner.2 }
%struct.type.string.1 = type { ptr, i64 }
%struct.type.Inner.2 = type { %struct.type.string.1 }
%struct.type.auto.3 = type { i32, i32 }
%struct.type.auto.4 = type {}
%struct.type.auto.5 = type { %struct.type.auto.6 }
%struct.type.auto.6 = type { ptr }
%struct.type.auto.7 = type { i32, i32 }
%struct.type.auto.8 = type {}
%struct.type.auto.9 = type { i32, %struct.type.auto.10 }
%struct.type.auto.10 = type { i32 }
%struct.type.HasDefault.11 = type { %struct.type.string.1, i32 }
%struct.type.auto.12 = type { ptr }

@.str.0 = private unnamed_addr constant [6 x i8] c"outer\00"
@.str.1 = private unnamed_addr constant [6 x i8] c"inner\00"
@me = constant %struct.type.Outer.0 { %struct.type.string.1 { ptr @.str.0, i64 5 }, %struct.type.Inner.2 { %struct.type.string.1 { ptr @.str.1, i64 5 } } }
@standalone = constant %struct.type.auto.3 { i32 1, i32 2 }
@empty = constant %struct.type.auto.4 zeroinitializer
@.str.2 = private unnamed_addr constant [5 x i8] c"deep\00"
@nested = constant %struct.type.auto.5 { %struct.type.auto.6 { ptr @.str.2 } }
@.str.3 = private unnamed_addr constant [11 x i8] c"auto-outer\00"
@.str.4 = private unnamed_addr constant [11 x i8] c"auto-inner\00"
@me_auto = constant %struct.type.Outer.0 { %struct.type.string.1 { ptr @.str.3, i64 10 }, %struct.type.Inner.2 { %struct.type.string.1 { ptr @.str.4, i64 10 } } }
@standalone_auto = constant %struct.type.auto.7 { i32 3, i32 4 }
@empty_auto = constant %struct.type.auto.8 zeroinitializer
@heh = constant %struct.type.auto.9 { i32 1, %struct.type.auto.10 { i32 2 } }
@baz = constant %struct.type.auto.9 { i32 1, %struct.type.auto.10 { i32 2 } }
@.str.5 = private unnamed_addr constant [9 x i8] c"override\00"
@hd = constant %struct.type.HasDefault.11 { %struct.type.string.1 { ptr @.str.5, i64 8 }, i32 99 }
@.str.6 = private unnamed_addr constant [14 x i8] c"auto-override\00"
@hd_auto = constant %struct.type.auto.12 { ptr @.str.6 }
