; ModuleID = 'home/hesham/Documents/Projects/haste-lang/test/integration/empty_struct.haste'
source_filename = "home/hesham/Documents/Projects/haste-lang/test/integration/empty_struct.haste"

%struct.type.Empty.0 = type {}

@e = constant %struct.type.Empty.0 zeroinitializer
@e2 = constant %struct.type.Empty.0 zeroinitializer
