; ModuleID = 'test/integration/func_local_var.haste'
source_filename = "test/integration/func_local_var.haste"

define i32 @double(i32 %0) {
entry:
  %x = alloca i32, align 4
  store i32 %0, ptr %x, align 4
  %x1 = load i32, ptr %x, align 4
  %x2 = load i32, ptr %x, align 4
  %addtmp = add i32 %x1, %x2
  %y = alloca i32, align 4
  store i32 %addtmp, ptr %y, align 4
  %y3 = load i32, ptr %y, align 4
  ret i32 %y3
}
