; ModuleID = 'test/integration/func_literals.haste'
source_filename = "test/integration/func_literals.haste"

define i32 @add(i32 %0, i32 %1) {
entry:
  %x = alloca i32, align 4
  store i32 %0, ptr %x, align 4
  %y = alloca i32, align 4
  store i32 %1, ptr %y, align 4
  %x1 = load i32, ptr %x, align 4
  %y2 = load i32, ptr %y, align 4
  %addtmp = add i32 %x1, %y2
  ret i32 %addtmp
}

define i32 @use_add() {
entry:
  %calltmp = call i32 @add(i32 10, i32 20)
  ret i32 %calltmp
}
