; ModuleID = 'test/integration/string_const.haste'
source_filename = "test/integration/string_const.haste"

@a = constant ptr @.str.0
@.str.0 = private unnamed_addr constant [12 x i8] c"hello world\00"
@b = constant ptr @.str.1
@.str.1 = private unnamed_addr constant [13 x i8] c"newline\0Ahere\00"
@c = constant ptr @.str.2
@.str.2 = private unnamed_addr constant [9 x i8] c"tab\09here\00"
@d = constant ptr @.str.3
@.str.3 = private unnamed_addr constant [1 x i8] zeroinitializer
