; ModuleID = 'test/integration/zero_literal.haste'
source_filename = "test/integration/zero_literal.haste"

%struct.type.string.0 = type { ptr, i64 }
%struct.type.Vec2.1 = type { float, float }

@a = constant i32 0
@b = constant float 0.000000e+00
@.str.0 = private unnamed_addr constant [1 x i8] zeroinitializer
@c = constant %struct.type.string.0 { ptr @.str.0, i64 0 }
@.str.1 = private unnamed_addr constant [1 x i8] zeroinitializer
@d = constant ptr @.str.1
@e = constant %struct.type.Vec2.1 zeroinitializer
